// Jest Snapshot v1, https://goo.gl/fbAQLP

exports[`jmespath-edit-compare render renders default datasource and query 1`] = `<pre></pre>`;
